mode: set
github.com/sky0621/tips-go/how2use/test/testdata/sample/user.go:11.28,14.2 2 1
